// Jest Snapshot v1, https://goo.gl/fbAQLP

exports[`App App render correctly in "debug" mode 1`] = `ShallowWrapper {}`;
